[dotenv@17.2.3] injecting env (7) from .env -- tip: ≡ƒæÑ sync secrets across teammates & machines: https://dotenvx.com/ops
node.exe : 
[2m[WebServer] [22m
[2K[2m[WebServer] [2
2m[1G[33mwarning[39
m ..\package.json: No 
license field
At line:1 char:1
+ & "C:\Program Files\
nodejs/node.exe" 
"C:\Program 
Files\nodejs/node_mo 
...
+ ~~~~~~~~~~~~~~~~~~~~
~~~~~~~~~~~~~~~~~~~~~~
~~~~~~~~~~~~~~~~~~~~~~
~~~~~
    + CategoryInfo    
          : NotSpeci  
  fied: ([2m[WebSe   
 rver]...o license    
 field:String) []    
, RemoteException
    + FullyQualifiedE 
   rrorId : NativeCo  
  mmandError
 
[2m[WebServer] [22m[
baseline-browser-mappi
ng] The data in this 
module is over two 
months old.  To 
ensure accurate 
Baseline data, please 
update: `npm i baselin
e-browser-mapping@late
st -D`
[e2e] globalSetup startingΓÇª
[e2e] Deleting existing auth state
[e2e] Generating fresh auth state...
[e2e] globalSetup wrote storageState: C:\Users\jerem\www\frontend\e2e\storage\auth.json

Running 13 tests using 1 worker

[dotenv@17.2.3] injecting env (0) from .env -- tip: ≡ƒ¢á∩╕Å  run anywhere with `dotenvx run -- yourcommand`
  Γ£ÿ   1 [chromium] ΓÇ║ e2e\specs\action-log.spec.ts:10:3 ΓÇ║ Action Log Modal Display ΓÇ║ opens action log modal from project detail page (30.2s)
[dotenv@17.2.3] injecting env (0) from .env -- tip: ≡ƒöä add secrets lifecycle management: https://dotenvx.com/ops
  Γ£ÿ   2 [chromium] ΓÇ║ e2e\specs\action-log.spec.ts:44:3 ΓÇ║ Action Log Modal Display ΓÇ║ displays action log modal with correct title (30.1s)
[dotenv@17.2.3] injecting env (0) from .env -- tip: ≡ƒöÉ encrypt with Dotenvx: https://dotenvx.com
  Γ£ÿ   3 [chromium] ΓÇ║ e2e\specs\action-log.spec.ts:71:3 ΓÇ║ Action Log Modal Display ΓÇ║ closes modal when clicking close button (30.1s)
[dotenv@17.2.3] injecting env (0) from .env -- tip: ≡ƒöä add secrets lifecycle management: https://dotenvx.com/ops
  Γ£ÿ   4 [chromium] ΓÇ║ e2e\specs\action-log.spec.ts:132:3 ΓÇ║ Action Log Content ΓÇ║ displays container creation actions (0ms)
  -   5 [chromium] ΓÇ║ e2e\specs\action-log.spec.ts:152:3 ΓÇ║ Action Log Content ΓÇ║ shows activity logs in table format
  -   6 [chromium] ΓÇ║ e2e\specs\action-log.spec.ts:173:3 ΓÇ║ Action Log Content ΓÇ║ displays correct timestamps for actions
[dotenv@17.2.3] injecting env (0) from .env -- tip: ≡ƒöä add secrets lifecycle management: https://dotenvx.com/ops
  Γ£ÿ   7 [chromium] ΓÇ║ e2e\specs\action-log.spec.ts:224:3 ΓÇ║ Action Log Filtering ΓÇ║ shows 'All Collaborators' option in filter (0ms)
  -   8 [chromium] ΓÇ║ e2e\specs\action-log.spec.ts:242:3 ΓÇ║ Action Log Filtering ΓÇ║ filters logs by collaborator
[dotenv@17.2.3] injecting env (0) from .env -- tip: ≡ƒ¢á∩╕Å  run anywhere with `dotenvx run -- yourcommand`
  Γ£ÿ   9 [chromium] ΓÇ║ e2e\specs\action-log.spec.ts:303:3 ΓÇ║ Action Log Sorting ΓÇ║ sorts by action (0ms)
  -  10 [chromium] ΓÇ║ e2e\specs\action-log.spec.ts:327:3 ΓÇ║ Action Log Sorting ΓÇ║ sorts by timestamp
[dotenv@17.2.3] injecting env (0) from .env -- tip: ΓÜÖ∩╕Å  override existing env vars with { override: true }
  Γ£ÿ  11 [chromium] ΓÇ║ e2e\specs\action-log.spec.ts:354:3 ΓÇ║ Action Log Edge Cases ΓÇ║ shows 'no logs' message for new project (30.1s)
[dotenv@17.2.3] injecting env (0) from .env -- tip: ΓÜÖ∩╕Å  enable debug logging with { debug: true }
  Γ£ÿ  12 [chromium] ΓÇ║ e2e\specs\action-log.spec.ts:382:3 ΓÇ║ Action Log Edge Cases ΓÇ║ displays correctly with multiple log entries (6.1s)
[dotenv@17.2.3] injecting env (0) from .env -- tip: ≡ƒöÉ prevent committing .env to code: https://dotenvx.com/precommit
  Γ£ÿ  13 [chromium] ΓÇ║ e2e\specs\action-log.spec.ts:416:3 ΓÇ║ Action Log Edge Cases ΓÇ║ refreshes logs when modal is reopened (6.1s)


  1) [chromium] ΓÇ║ e2e\specs\action-log.spec.ts:10:3 ΓÇ║ Action Log Modal Display ΓÇ║ opens action log modal from project detail page 

    [31mTest timeout of 30000ms exceeded.[39m

    Error: [2mexpect([22m[31mlocator[39m[2m).[22mtoBeVisible[2m([22m[2m)[22m failed

    Locator: getByTestId('projects-list').or(getByTestId('projects-empty')).or(getByTestId('projects-error'))
    Expected: visible
    Error: element(s) not found

    Call log:
    [2m  - Expect "toBeVisible" with timeout 30000ms[22m
    [2m  - waiting for getByTestId('projects-list').or(getByTestId('projects-empty')).or(getByTestId('projects-error'))[22m


       at ..\pages\dashboard\projects.page.ts:22

      20 |         .or(this.page.getByTestId("projects-empty"))
      21 |         .or(this.page.getByTestId("projects-error"))
    > 22 |     ).toBeVisible({ timeout: 30_000 });
         |       ^
      23 |   }
      24 |
      25 |   async expectProject(name: string, description: string) {
        at ProjectsPage.expectLoaded (C:\Users\jerem\www\frontend\e2e\pages\dashboard\projects.page.ts:22:7)
        at C:\Users\jerem\www\frontend\e2e\specs\action-log.spec.ts:23:9

    attachment #1: screenshot (image/png) ΓöÇΓöÇΓöÇΓöÇΓöÇΓöÇΓöÇΓöÇΓöÇΓöÇΓöÇΓöÇΓöÇΓöÇΓöÇΓöÇΓöÇΓöÇΓöÇΓöÇΓöÇΓöÇΓöÇΓöÇΓöÇΓöÇΓöÇΓöÇΓöÇΓöÇΓöÇΓöÇΓöÇΓöÇΓöÇΓöÇΓöÇΓöÇΓöÇΓöÇΓöÇΓöÇΓöÇΓöÇΓöÇΓöÇΓöÇΓöÇΓöÇΓöÇΓöÇΓöÇΓöÇΓöÇΓöÇΓöÇΓöÇΓöÇ
    test-results\action-log-Action-Log-Moda-3a3b2-al-from-project-detail-page-chromium\test-failed-1.png
    ΓöÇΓöÇΓöÇΓöÇΓöÇΓöÇΓöÇΓöÇΓöÇΓöÇΓöÇΓöÇΓöÇΓöÇΓöÇΓöÇΓöÇΓöÇΓöÇΓöÇΓöÇΓöÇΓöÇΓöÇΓöÇΓöÇΓöÇΓöÇΓöÇΓöÇΓöÇΓöÇΓöÇΓöÇΓöÇΓöÇΓöÇΓöÇΓöÇΓöÇΓöÇΓöÇΓöÇΓöÇΓöÇΓöÇΓöÇΓöÇΓöÇΓöÇΓöÇΓöÇΓöÇΓöÇΓöÇΓöÇΓöÇΓöÇΓöÇΓöÇΓöÇΓöÇΓöÇΓöÇΓöÇΓöÇΓöÇΓöÇΓöÇΓöÇΓöÇΓöÇΓöÇΓöÇΓöÇΓöÇΓöÇΓöÇΓöÇΓöÇΓöÇΓöÇΓöÇΓöÇΓöÇΓöÇΓöÇΓöÇΓöÇΓöÇΓöÇΓöÇΓöÇΓöÇΓöÇΓöÇ

  2) [chromium] ΓÇ║ e2e\specs\action-log.spec.ts:44:3 ΓÇ║ Action Log Modal Display ΓÇ║ displays action log modal with correct title 

    [31mTest timeout of 30000ms exceeded.[39m

    Error: [2mexpect([22m[31mlocator[39m[2m).[22mtoBeVisible[2m([22m[2m)[22m failed

    Locator: getByTestId('projects-list').or(getByTestId('projects-empty')).or(getByTestId('projects-error'))
    Expected: visible
    Error: element(s) not found

    Call log:
    [2m  - Expect "toBeVisible" with timeout 30000ms[22m
    [2m  - waiting for getByTestId('projects-list').or(getByTestId('projects-empty')).or(getByTestId('projects-error'))[22m


       at ..\pages\dashboard\projects.page.ts:22

      20 |         .or(this.page.getByTestId("projects-empty"))
      21 |         .or(this.page.getByTestId("projects-error"))
    > 22 |     ).toBeVisible({ timeout: 30_000 });
         |       ^
      23 |   }
      24 |
      25 |   async expectProject(name: string, description: string) {
        at ProjectsPage.expectLoaded (C:\Users\jerem\www\frontend\e2e\pages\dashboard\projects.page.ts:22:7)
        at C:\Users\jerem\www\frontend\e2e\specs\action-log.spec.ts:55:9

    attachment #1: screenshot (image/png) ΓöÇΓöÇΓöÇΓöÇΓöÇΓöÇΓöÇΓöÇΓöÇΓöÇΓöÇΓöÇΓöÇΓöÇΓöÇΓöÇΓöÇΓöÇΓöÇΓöÇΓöÇΓöÇΓöÇΓöÇΓöÇΓöÇΓöÇΓöÇΓöÇΓöÇΓöÇΓöÇΓöÇΓöÇΓöÇΓöÇΓöÇΓöÇΓöÇΓöÇΓöÇΓöÇΓöÇΓöÇΓöÇΓöÇΓöÇΓöÇΓöÇΓöÇΓöÇΓöÇΓöÇΓöÇΓöÇΓöÇΓöÇΓöÇ
    test-results\action-log-Action-Log-Moda-1e9f3-og-modal-with-correct-title-chromium\test-failed-1.png
    ΓöÇΓöÇΓöÇΓöÇΓöÇΓöÇΓöÇΓöÇΓöÇΓöÇΓöÇΓöÇΓöÇΓöÇΓöÇΓöÇΓöÇΓöÇΓöÇΓöÇΓöÇΓöÇΓöÇΓöÇΓöÇΓöÇΓöÇΓöÇΓöÇΓöÇΓöÇΓöÇΓöÇΓöÇΓöÇΓöÇΓöÇΓöÇΓöÇΓöÇΓöÇΓöÇΓöÇΓöÇΓöÇΓöÇΓöÇΓöÇΓöÇΓöÇΓöÇΓöÇΓöÇΓöÇΓöÇΓöÇΓöÇΓöÇΓöÇΓöÇΓöÇΓöÇΓöÇΓöÇΓöÇΓöÇΓöÇΓöÇΓöÇΓöÇΓöÇΓöÇΓöÇΓöÇΓöÇΓöÇΓöÇΓöÇΓöÇΓöÇΓöÇΓöÇΓöÇΓöÇΓöÇΓöÇΓöÇΓöÇΓöÇΓöÇΓöÇΓöÇΓöÇΓöÇΓöÇΓöÇ

  3) [chromium] ΓÇ║ e2e\specs\action-log.spec.ts:71:3 ΓÇ║ Action Log Modal Display ΓÇ║ closes modal when clicking close button 

    [31mTest timeout of 30000ms exceeded.[39m

    Error: [2mexpect([22m[31mlocator[39m[2m).[22mtoBeVisible[2m([22m[2m)[22m failed

    Locator: getByTestId('projects-list').or(getByTestId('projects-empty')).or(getByTestId('projects-error'))
    Expected: visible
    Error: element(s) not found

    Call log:
    [2m  - Expect "toBeVisible" with timeout 30000ms[22m
    [2m  - waiting for getByTestId('projects-list').or(getByTestId('projects-empty')).or(getByTestId('projects-error'))[22m


       at ..\pages\dashboard\projects.page.ts:22

      20 |         .or(this.page.getByTestId("projects-empty"))
      21 |         .or(this.page.getByTestId("projects-error"))
    > 22 |     ).toBeVisible({ timeout: 30_000 });
         |       ^
      23 |   }
      24 |
      25 |   async expectProject(name: string, description: string) {
        at ProjectsPage.expectLoaded (C:\Users\jerem\www\frontend\e2e\pages\dashboard\projects.page.ts:22:7)
        at C:\Users\jerem\www\frontend\e2e\specs\action-log.spec.ts:82:9

    attachment #1: screenshot (image/png) ΓöÇΓöÇΓöÇΓöÇΓöÇΓöÇΓöÇΓöÇΓöÇΓöÇΓöÇΓöÇΓöÇΓöÇΓöÇΓöÇΓöÇΓöÇΓöÇΓöÇΓöÇΓöÇΓöÇΓöÇΓöÇΓöÇΓöÇΓöÇΓöÇΓöÇΓöÇΓöÇΓöÇΓöÇΓöÇΓöÇΓöÇΓöÇΓöÇΓöÇΓöÇΓöÇΓöÇΓöÇΓöÇΓöÇΓöÇΓöÇΓöÇΓöÇΓöÇΓöÇΓöÇΓöÇΓöÇΓöÇΓöÇΓöÇ
    test-results\action-log-Action-Log-Moda-57016--when-clicking-close-button-chromium\test-failed-1.png
    ΓöÇΓöÇΓöÇΓöÇΓöÇΓöÇΓöÇΓöÇΓöÇΓöÇΓöÇΓöÇΓöÇΓöÇΓöÇΓöÇΓöÇΓöÇΓöÇΓöÇΓöÇΓöÇΓöÇΓöÇΓöÇΓöÇΓöÇΓöÇΓöÇΓöÇΓöÇΓöÇΓöÇΓöÇΓöÇΓöÇΓöÇΓöÇΓöÇΓöÇΓöÇΓöÇΓöÇΓöÇΓöÇΓöÇΓöÇΓöÇΓöÇΓöÇΓöÇΓöÇΓöÇΓöÇΓöÇΓöÇΓöÇΓöÇΓöÇΓöÇΓöÇΓöÇΓöÇΓöÇΓöÇΓöÇΓöÇΓöÇΓöÇΓöÇΓöÇΓöÇΓöÇΓöÇΓöÇΓöÇΓöÇΓöÇΓöÇΓöÇΓöÇΓöÇΓöÇΓöÇΓöÇΓöÇΓöÇΓöÇΓöÇΓöÇΓöÇΓöÇΓöÇΓöÇΓöÇΓöÇ

  4) [chromium] ΓÇ║ e2e\specs\action-log.spec.ts:132:3 ΓÇ║ Action Log Content ΓÇ║ displays container creation actions 

    [31m"beforeAll" hook timeout of 30000ms exceeded.[39m

      101 |     let containerName: string;
      102 |
    > 103 |     test.beforeAll(async ({ browser }) => {
          |          ^
      104 |         projectName = generateTestString("content-project");
      105 |         containerName = generateTestString("content-container");
      106 |
        at C:\Users\jerem\www\frontend\e2e\specs\action-log.spec.ts:103:10

    Error: [2mexpect([22m[31mlocator[39m[2m).[22mtoBeVisible[2m([22m[2m)[22m failed

    Locator: getByTestId('projects-list').or(getByTestId('projects-empty')).or(getByTestId('projects-error'))
    Expected: visible
    Error: element(s) not found

    Call log:
    [2m  - Expect "toBeVisible" with timeout 30000ms[22m
    [2m  - waiting for getByTestId('projects-list').or(getByTestId('projects-empty')).or(getByTestId('projects-error'))[22m


       at ..\pages\dashboard\projects.page.ts:22

      20 |         .or(this.page.getByTestId("projects-empty"))
      21 |         .or(this.page.getByTestId("projects-error"))
    > 22 |     ).toBeVisible({ timeout: 30_000 });
         |       ^
      23 |   }
      24 |
      25 |   async expectProject(name: string, description: string) {
        at ProjectsPage.expectLoaded (C:\Users\jerem\www\frontend\e2e\pages\dashboard\projects.page.ts:22:7)
        at C:\Users\jerem\www\frontend\e2e\specs\action-log.spec.ts:119:9

    attachment #1: screenshot (image/png) ΓöÇΓöÇΓöÇΓöÇΓöÇΓöÇΓöÇΓöÇΓöÇΓöÇΓöÇΓöÇΓöÇΓöÇΓöÇΓöÇΓöÇΓöÇΓöÇΓöÇΓöÇΓöÇΓöÇΓöÇΓöÇΓöÇΓöÇΓöÇΓöÇΓöÇΓöÇΓöÇΓöÇΓöÇΓöÇΓöÇΓöÇΓöÇΓöÇΓöÇΓöÇΓöÇΓöÇΓöÇΓöÇΓöÇΓöÇΓöÇΓöÇΓöÇΓöÇΓöÇΓöÇΓöÇΓöÇΓöÇΓöÇΓöÇ
    test-results\action-log-Action-Log-Cont-6af36--container-creation-actions-chromium\test-failed-1.png
    ΓöÇΓöÇΓöÇΓöÇΓöÇΓöÇΓöÇΓöÇΓöÇΓöÇΓöÇΓöÇΓöÇΓöÇΓöÇΓöÇΓöÇΓöÇΓöÇΓöÇΓöÇΓöÇΓöÇΓöÇΓöÇΓöÇΓöÇΓöÇΓöÇΓöÇΓöÇΓöÇΓöÇΓöÇΓöÇΓöÇΓöÇΓöÇΓöÇΓöÇΓöÇΓöÇΓöÇΓöÇΓöÇΓöÇΓöÇΓöÇΓöÇΓöÇΓöÇΓöÇΓöÇΓöÇΓöÇΓöÇΓöÇΓöÇΓöÇΓöÇΓöÇΓöÇΓöÇΓöÇΓöÇΓöÇΓöÇΓöÇΓöÇΓöÇΓöÇΓöÇΓöÇΓöÇΓöÇΓöÇΓöÇΓöÇΓöÇΓöÇΓöÇΓöÇΓöÇΓöÇΓöÇΓöÇΓöÇΓöÇΓöÇΓöÇΓöÇΓöÇΓöÇΓöÇΓöÇΓöÇ

    Error Context: test-results\action-log-Action-Log-Cont-6af36--container-creation-actions-chromium\error-context.md

  5) [chromium] ΓÇ║ e2e\specs\action-log.spec.ts:224:3 ΓÇ║ Action Log Filtering ΓÇ║ shows 'All Collaborators' option in filter 

    [31m"beforeAll" hook timeout of 30000ms exceeded.[39m

      201 |     let projectName: string;
      202 |
    > 203 |     test.beforeAll(async ({ browser }) => {
          |          ^
      204 |         projectName = generateTestString("filter-project");
      205 |
      206 |         const context = await browser.newContext({
        at C:\Users\jerem\www\frontend\e2e\specs\action-log.spec.ts:203:10

    Error: [2mexpect([22m[31mlocator[39m[2m).[22mtoBeVisible[2m([22m[2m)[22m failed

    Locator: getByTestId('projects-list').or(getByTestId('projects-empty')).or(getByTestId('projects-error'))
    Expected: visible
    Error: element(s) not found

    Call log:
    [2m  - Expect "toBeVisible" with timeout 30000ms[22m
    [2m  - waiting for getByTestId('projects-list').or(getByTestId('projects-empty')).or(getByTestId('projects-error'))[22m


       at ..\pages\dashboard\projects.page.ts:22

      20 |         .or(this.page.getByTestId("projects-empty"))
      21 |         .or(this.page.getByTestId("projects-error"))
    > 22 |     ).toBeVisible({ timeout: 30_000 });
         |       ^
      23 |   }
      24 |
      25 |   async expectProject(name: string, description: string) {
        at ProjectsPage.expectLoaded (C:\Users\jerem\www\frontend\e2e\pages\dashboard\projects.page.ts:22:7)
        at C:\Users\jerem\www\frontend\e2e\specs\action-log.spec.ts:218:9

    attachment #1: screenshot (image/png) ΓöÇΓöÇΓöÇΓöÇΓöÇΓöÇΓöÇΓöÇΓöÇΓöÇΓöÇΓöÇΓöÇΓöÇΓöÇΓöÇΓöÇΓöÇΓöÇΓöÇΓöÇΓöÇΓöÇΓöÇΓöÇΓöÇΓöÇΓöÇΓöÇΓöÇΓöÇΓöÇΓöÇΓöÇΓöÇΓöÇΓöÇΓöÇΓöÇΓöÇΓöÇΓöÇΓöÇΓöÇΓöÇΓöÇΓöÇΓöÇΓöÇΓöÇΓöÇΓöÇΓöÇΓöÇΓöÇΓöÇΓöÇΓöÇ
    test-results\action-log-Action-Log-Filt-1cf66-laborators-option-in-filter-chromium\test-failed-1.png
    ΓöÇΓöÇΓöÇΓöÇΓöÇΓöÇΓöÇΓöÇΓöÇΓöÇΓöÇΓöÇΓöÇΓöÇΓöÇΓöÇΓöÇΓöÇΓöÇΓöÇΓöÇΓöÇΓöÇΓöÇΓöÇΓöÇΓöÇΓöÇΓöÇΓöÇΓöÇΓöÇΓöÇΓöÇΓöÇΓöÇΓöÇΓöÇΓöÇΓöÇΓöÇΓöÇΓöÇΓöÇΓöÇΓöÇΓöÇΓöÇΓöÇΓöÇΓöÇΓöÇΓöÇΓöÇΓöÇΓöÇΓöÇΓöÇΓöÇΓöÇΓöÇΓöÇΓöÇΓöÇΓöÇΓöÇΓöÇΓöÇΓöÇΓöÇΓöÇΓöÇΓöÇΓöÇΓöÇΓöÇΓöÇΓöÇΓöÇΓöÇΓöÇΓöÇΓöÇΓöÇΓöÇΓöÇΓöÇΓöÇΓöÇΓöÇΓöÇΓöÇΓöÇΓöÇΓöÇΓöÇ

    Error Context: test-results\action-log-Action-Log-Filt-1cf66-laborators-option-in-filter-chromium\error-context.md

  6) [chromium] ΓÇ║ e2e\specs\action-log.spec.ts:303:3 ΓÇ║ Action Log Sorting ΓÇ║ sorts by action ΓöÇΓöÇΓöÇΓöÇΓöÇΓöÇΓöÇΓöÇ

    [31m"beforeAll" hook timeout of 30000ms exceeded.[39m

      283 |     let projectName: string;
      284 |
    > 285 |     test.beforeAll(async ({ browser }) => {
          |          ^
      286 |         projectName = generateTestString("sort-project");
      287 |
      288 |         const context = await browser.newContext({
        at C:\Users\jerem\www\frontend\e2e\specs\action-log.spec.ts:285:10

    Error: [2mexpect([22m[31mlocator[39m[2m).[22mtoBeVisible[2m([22m[2m)[22m failed

    Locator: getByTestId('projects-list').or(getByTestId('projects-empty')).or(getByTestId('projects-error'))
    Expected: visible
    Error: element(s) not found

    Call log:
    [2m  - Expect "toBeVisible" with timeout 30000ms[22m
    [2m  - waiting for getByTestId('projects-list').or(getByTestId('projects-empty')).or(getByTestId('projects-error'))[22m


       at ..\pages\dashboard\projects.page.ts:22

      20 |         .or(this.page.getByTestId("projects-empty"))
      21 |         .or(this.page.getByTestId("projects-error"))
    > 22 |     ).toBeVisible({ timeout: 30_000 });
         |       ^
      23 |   }
      24 |
      25 |   async expectProject(name: string, description: string) {
        at ProjectsPage.expectLoaded (C:\Users\jerem\www\frontend\e2e\pages\dashboard\projects.page.ts:22:7)
        at C:\Users\jerem\www\frontend\e2e\specs\action-log.spec.ts:300:9

    attachment #1: screenshot (image/png) ΓöÇΓöÇΓöÇΓöÇΓöÇΓöÇΓöÇΓöÇΓöÇΓöÇΓöÇΓöÇΓöÇΓöÇΓöÇΓöÇΓöÇΓöÇΓöÇΓöÇΓöÇΓöÇΓöÇΓöÇΓöÇΓöÇΓöÇΓöÇΓöÇΓöÇΓöÇΓöÇΓöÇΓöÇΓöÇΓöÇΓöÇΓöÇΓöÇΓöÇΓöÇΓöÇΓöÇΓöÇΓöÇΓöÇΓöÇΓöÇΓöÇΓöÇΓöÇΓöÇΓöÇΓöÇΓöÇΓöÇΓöÇΓöÇ
    test-results\action-log-Action-Log-Sorting-sorts-by-action-chromium\test-failed-1.png
    ΓöÇΓöÇΓöÇΓöÇΓöÇΓöÇΓöÇΓöÇΓöÇΓöÇΓöÇΓöÇΓöÇΓöÇΓöÇΓöÇΓöÇΓöÇΓöÇΓöÇΓöÇΓöÇΓöÇΓöÇΓöÇΓöÇΓöÇΓöÇΓöÇΓöÇΓöÇΓöÇΓöÇΓöÇΓöÇΓöÇΓöÇΓöÇΓöÇΓöÇΓöÇΓöÇΓöÇΓöÇΓöÇΓöÇΓöÇΓöÇΓöÇΓöÇΓöÇΓöÇΓöÇΓöÇΓöÇΓöÇΓöÇΓöÇΓöÇΓöÇΓöÇΓöÇΓöÇΓöÇΓöÇΓöÇΓöÇΓöÇΓöÇΓöÇΓöÇΓöÇΓöÇΓöÇΓöÇΓöÇΓöÇΓöÇΓöÇΓöÇΓöÇΓöÇΓöÇΓöÇΓöÇΓöÇΓöÇΓöÇΓöÇΓöÇΓöÇΓöÇΓöÇΓöÇΓöÇΓöÇ

    Error Context: test-results\action-log-Action-Log-Sorting-sorts-by-action-chromium\error-context.md

  7) [chromium] ΓÇ║ e2e\specs\action-log.spec.ts:354:3 ΓÇ║ Action Log Edge Cases ΓÇ║ shows 'no logs' message for new project 

    [31mTest timeout of 30000ms exceeded.[39m

    Error: [2mexpect([22m[31mlocator[39m[2m).[22mtoBeVisible[2m([22m[2m)[22m failed

    Locator: getByTestId('projects-list').or(getByTestId('projects-empty')).or(getByTestId('projects-error'))
    Expected: visible
    Error: element(s) not found

    Call log:
    [2m  - Expect "toBeVisible" with timeout 30000ms[22m
    [2m  - waiting for getByTestId('projects-list').or(getByTestId('projects-empty')).or(getByTestId('projects-error'))[22m


       at ..\pages\dashboard\projects.page.ts:22

      20 |         .or(this.page.getByTestId("projects-empty"))
      21 |         .or(this.page.getByTestId("projects-error"))
    > 22 |     ).toBeVisible({ timeout: 30_000 });
         |       ^
      23 |   }
      24 |
      25 |   async expectProject(name: string, description: string) {
        at ProjectsPage.expectLoaded (C:\Users\jerem\www\frontend\e2e\pages\dashboard\projects.page.ts:22:7)
        at C:\Users\jerem\www\frontend\e2e\specs\action-log.spec.ts:380:9

    attachment #1: screenshot (image/png) ΓöÇΓöÇΓöÇΓöÇΓöÇΓöÇΓöÇΓöÇΓöÇΓöÇΓöÇΓöÇΓöÇΓöÇΓöÇΓöÇΓöÇΓöÇΓöÇΓöÇΓöÇΓöÇΓöÇΓöÇΓöÇΓöÇΓöÇΓöÇΓöÇΓöÇΓöÇΓöÇΓöÇΓöÇΓöÇΓöÇΓöÇΓöÇΓöÇΓöÇΓöÇΓöÇΓöÇΓöÇΓöÇΓöÇΓöÇΓöÇΓöÇΓöÇΓöÇΓöÇΓöÇΓöÇΓöÇΓöÇΓöÇΓöÇ
    test-results\action-log-Action-Log-Edge-14875-ogs-message-for-new-project-chromium\test-failed-1.png
    ΓöÇΓöÇΓöÇΓöÇΓöÇΓöÇΓöÇΓöÇΓöÇΓöÇΓöÇΓöÇΓöÇΓöÇΓöÇΓöÇΓöÇΓöÇΓöÇΓöÇΓöÇΓöÇΓöÇΓöÇΓöÇΓöÇΓöÇΓöÇΓöÇΓöÇΓöÇΓöÇΓöÇΓöÇΓöÇΓöÇΓöÇΓöÇΓöÇΓöÇΓöÇΓöÇΓöÇΓöÇΓöÇΓöÇΓöÇΓöÇΓöÇΓöÇΓöÇΓöÇΓöÇΓöÇΓöÇΓöÇΓöÇΓöÇΓöÇΓöÇΓöÇΓöÇΓöÇΓöÇΓöÇΓöÇΓöÇΓöÇΓöÇΓöÇΓöÇΓöÇΓöÇΓöÇΓöÇΓöÇΓöÇΓöÇΓöÇΓöÇΓöÇΓöÇΓöÇΓöÇΓöÇΓöÇΓöÇΓöÇΓöÇΓöÇΓöÇΓöÇΓöÇΓöÇΓöÇΓöÇ

  8) [chromium] ΓÇ║ e2e\specs\action-log.spec.ts:382:3 ΓÇ║ Action Log Edge Cases ΓÇ║ displays correctly with multiple log entries 

    Error: Project creation failed - API error or validation issue

       at ..\components\project-modal.ts:63

      61 |       // If modal didn't close, check for error
      62 |       await expect(errorMessage).toBeVisible({ timeout: 5000 });
    > 63 |       throw new Error("Project creation failed - API error or validation issue");
         |             ^
      64 |     }
      65 |
      66 |     // Wait a moment for the creation to complete
        at ProjectModal.createProject (C:\Users\jerem\www\frontend\e2e\components\project-modal.ts:63:13)
        at DashboardPage.createProject (C:\Users\jerem\www\frontend\e2e\pages\dashboard\dashboard.page.ts:19:5)
        at C:\Users\jerem\www\frontend\e2e\specs\action-log.spec.ts:406:9

    attachment #1: screenshot (image/png) ΓöÇΓöÇΓöÇΓöÇΓöÇΓöÇΓöÇΓöÇΓöÇΓöÇΓöÇΓöÇΓöÇΓöÇΓöÇΓöÇΓöÇΓöÇΓöÇΓöÇΓöÇΓöÇΓöÇΓöÇΓöÇΓöÇΓöÇΓöÇΓöÇΓöÇΓöÇΓöÇΓöÇΓöÇΓöÇΓöÇΓöÇΓöÇΓöÇΓöÇΓöÇΓöÇΓöÇΓöÇΓöÇΓöÇΓöÇΓöÇΓöÇΓöÇΓöÇΓöÇΓöÇΓöÇΓöÇΓöÇΓöÇΓöÇ
    test-results\action-log-Action-Log-Edge-cc83a-y-with-multiple-log-entries-chromium\test-failed-1.png
    ΓöÇΓöÇΓöÇΓöÇΓöÇΓöÇΓöÇΓöÇΓöÇΓöÇΓöÇΓöÇΓöÇΓöÇΓöÇΓöÇΓöÇΓöÇΓöÇΓöÇΓöÇΓöÇΓöÇΓöÇΓöÇΓöÇΓöÇΓöÇΓöÇΓöÇΓöÇΓöÇΓöÇΓöÇΓöÇΓöÇΓöÇΓöÇΓöÇΓöÇΓöÇΓöÇΓöÇΓöÇΓöÇΓöÇΓöÇΓöÇΓöÇΓöÇΓöÇΓöÇΓöÇΓöÇΓöÇΓöÇΓöÇΓöÇΓöÇΓöÇΓöÇΓöÇΓöÇΓöÇΓöÇΓöÇΓöÇΓöÇΓöÇΓöÇΓöÇΓöÇΓöÇΓöÇΓöÇΓöÇΓöÇΓöÇΓöÇΓöÇΓöÇΓöÇΓöÇΓöÇΓöÇΓöÇΓöÇΓöÇΓöÇΓöÇΓöÇΓöÇΓöÇΓöÇΓöÇΓöÇ

  9) [chromium] ΓÇ║ e2e\specs\action-log.spec.ts:416:3 ΓÇ║ Action Log Edge Cases ΓÇ║ refreshes logs when modal is reopened 

    Error: Project creation failed - API error or validation issue

       at ..\components\project-modal.ts:63

      61 |       // If modal didn't close, check for error
      62 |       await expect(errorMessage).toBeVisible({ timeout: 5000 });
    > 63 |       throw new Error("Project creation failed - API error or validation issue");
         |             ^
      64 |     }
      65 |
      66 |     // Wait a moment for the creation to complete
        at ProjectModal.createProject (C:\Users\jerem\www\frontend\e2e\components\project-modal.ts:63:13)
        at DashboardPage.createProject (C:\Users\jerem\www\frontend\e2e\pages\dashboard\dashboard.page.ts:19:5)
        at C:\Users\jerem\www\frontend\e2e\specs\action-log.spec.ts:443:9

    attachment #1: screenshot (image/png) ΓöÇΓöÇΓöÇΓöÇΓöÇΓöÇΓöÇΓöÇΓöÇΓöÇΓöÇΓöÇΓöÇΓöÇΓöÇΓöÇΓöÇΓöÇΓöÇΓöÇΓöÇΓöÇΓöÇΓöÇΓöÇΓöÇΓöÇΓöÇΓöÇΓöÇΓöÇΓöÇΓöÇΓöÇΓöÇΓöÇΓöÇΓöÇΓöÇΓöÇΓöÇΓöÇΓöÇΓöÇΓöÇΓöÇΓöÇΓöÇΓöÇΓöÇΓöÇΓöÇΓöÇΓöÇΓöÇΓöÇΓöÇΓöÇ
    test-results\action-log-Action-Log-Edge-f6343-logs-when-modal-is-reopened-chromium\test-failed-1.png
    ΓöÇΓöÇΓöÇΓöÇΓöÇΓöÇΓöÇΓöÇΓöÇΓöÇΓöÇΓöÇΓöÇΓöÇΓöÇΓöÇΓöÇΓöÇΓöÇΓöÇΓöÇΓöÇΓöÇΓöÇΓöÇΓöÇΓöÇΓöÇΓöÇΓöÇΓöÇΓöÇΓöÇΓöÇΓöÇΓöÇΓöÇΓöÇΓöÇΓöÇΓöÇΓöÇΓöÇΓöÇΓöÇΓöÇΓöÇΓöÇΓöÇΓöÇΓöÇΓöÇΓöÇΓöÇΓöÇΓöÇΓöÇΓöÇΓöÇΓöÇΓöÇΓöÇΓöÇΓöÇΓöÇΓöÇΓöÇΓöÇΓöÇΓöÇΓöÇΓöÇΓöÇΓöÇΓöÇΓöÇΓöÇΓöÇΓöÇΓöÇΓöÇΓöÇΓöÇΓöÇΓöÇΓöÇΓöÇΓöÇΓöÇΓöÇΓöÇΓöÇΓöÇΓöÇΓöÇΓöÇ

  9 failed
    [chromium] ΓÇ║ e2e\specs\action-log.spec.ts:10:3 ΓÇ║ Action Log Modal Display ΓÇ║ opens action log modal from project detail page 
    [chromium] ΓÇ║ e2e\specs\action-log.spec.ts:44:3 ΓÇ║ Action Log Modal Display ΓÇ║ displays action log modal with correct title 
    [chromium] ΓÇ║ e2e\specs\action-log.spec.ts:71:3 ΓÇ║ Action Log Modal Display ΓÇ║ closes modal when clicking close button 
    [chromium] ΓÇ║ e2e\specs\action-log.spec.ts:132:3 ΓÇ║ Action Log Content ΓÇ║ displays container creation actions 
    [chromium] ΓÇ║ e2e\specs\action-log.spec.ts:224:3 ΓÇ║ Action Log Filtering ΓÇ║ shows 'All Collaborators' option in filter 
    [chromium] ΓÇ║ e2e\specs\action-log.spec.ts:303:3 ΓÇ║ Action Log Sorting ΓÇ║ sorts by action ΓöÇΓöÇΓöÇΓöÇΓöÇΓöÇΓöÇΓöÇΓöÇ
    [chromium] ΓÇ║ e2e\specs\action-log.spec.ts:354:3 ΓÇ║ Action Log Edge Cases ΓÇ║ shows 'no logs' message for new project 
    [chromium] ΓÇ║ e2e\specs\action-log.spec.ts:382:3 ΓÇ║ Action Log Edge Cases ΓÇ║ displays correctly with multiple log entries 
    [chromium] ΓÇ║ e2e\specs\action-log.spec.ts:416:3 ΓÇ║ Action Log Edge Cases ΓÇ║ refreshes logs when modal is reopened 
  4 did not run
